// Jest Snapshot v1, https://goo.gl/fbAQLP

exports[`macros 1. macros: 1. macros 1`] = `

// @flow
import { SketchPicker } from '../react-color.macro';

const DefaultPicker = SketchPicker;

export default () => <DefaultPicker />;
export const Picker = () => {
  const Picker = SketchPicker;
  return <Picker />;
}
export { SketchPicker };

      ↓ ↓ ↓ ↓ ↓ ↓

// @flow
const DefaultPicker = SketchPicker;
export default () => /*#__PURE__*/ React.createElement(DefaultPicker, null);
export const Picker = () => {
  const Picker = SketchPicker;
  return /*#__PURE__*/ React.createElement(Picker, null);
};
export { SketchPicker };


`;
